src/app/caregiver/page.tsx(66,18): error TS2339: Property 'language' does not exist on type '{ app: { name: string; tagline: string; }; greeting: { morning: string; afternoon: string; evening: string; night: string; }; home: { hearInstructions: string; playGame: string; reminders: string; help: string; goodMorning: string; }; ... 5 more ...; common: { ...; }; } | { ...; }'.
  Property 'language' does not exist on type '{ app: { name: string; tagline: string; }; greeting: { morning: string; afternoon: string; evening: string; night: string; }; home: { hearInstructions: string; playGame: string; reminders: string; help: string; goodMorning: string; }; ... 5 more ...; common: { ...; }; }'.
src/app/caregiver/page.tsx(137,16): error TS2339: Property 'language' does not exist on type '{ app: { name: string; tagline: string; }; greeting: { morning: string; afternoon: string; evening: string; night: string; }; home: { hearInstructions: string; playGame: string; reminders: string; help: string; goodMorning: string; }; ... 5 more ...; common: { ...; }; } | { ...; }'.
  Property 'language' does not exist on type '{ app: { name: string; tagline: string; }; greeting: { morning: string; afternoon: string; evening: string; night: string; }; home: { hearInstructions: string; playGame: string; reminders: string; help: string; goodMorning: string; }; ... 5 more ...; common: { ...; }; }'.
src/app/caregiver/page.tsx(144,28): error TS2339: Property 'language' does not exist on type '{ app: { name: string; tagline: string; }; greeting: { morning: string; afternoon: string; evening: string; night: string; }; home: { hearInstructions: string; playGame: string; reminders: string; help: string; goodMorning: string; }; ... 5 more ...; common: { ...; }; } | { ...; }'.
  Property 'language' does not exist on type '{ app: { name: string; tagline: string; }; greeting: { morning: string; afternoon: string; evening: string; night: string; }; home: { hearInstructions: string; playGame: string; reminders: string; help: string; goodMorning: string; }; ... 5 more ...; common: { ...; }; }'.
src/app/patient/games/memory/page.tsx(168,14): error TS2339: Property 'language' does not exist on type '{ app: { name: string; tagline: string; }; greeting: { morning: string; afternoon: string; evening: string; night: string; }; home: { hearInstructions: string; playGame: string; reminders: string; help: string; goodMorning: string; }; ... 5 more ...; common: { ...; }; } | { ...; }'.
  Property 'language' does not exist on type '{ app: { name: string; tagline: string; }; greeting: { morning: string; afternoon: string; evening: string; night: string; }; home: { hearInstructions: string; playGame: string; reminders: string; help: string; goodMorning: string; }; ... 5 more ...; common: { ...; }; }'.
src/app/patient/games/memory/page.tsx(185,18): error TS2339: Property 'language' does not exist on type '{ app: { name: string; tagline: string; }; greeting: { morning: string; afternoon: string; evening: string; night: string; }; home: { hearInstructions: string; playGame: string; reminders: string; help: string; goodMorning: string; }; ... 5 more ...; common: { ...; }; } | { ...; }'.
  Property 'language' does not exist on type '{ app: { name: string; tagline: string; }; greeting: { morning: string; afternoon: string; evening: string; night: string; }; home: { hearInstructions: string; playGame: string; reminders: string; help: string; goodMorning: string; }; ... 5 more ...; common: { ...; }; }'.
src/app/patient/games/memory/page.tsx(188,18): error TS2339: Property 'language' does not exist on type '{ app: { name: string; tagline: string; }; greeting: { morning: string; afternoon: string; evening: string; night: string; }; home: { hearInstructions: string; playGame: string; reminders: string; help: string; goodMorning: string; }; ... 5 more ...; common: { ...; }; } | { ...; }'.
  Property 'language' does not exist on type '{ app: { name: string; tagline: string; }; greeting: { morning: string; afternoon: string; evening: string; night: string; }; home: { hearInstructions: string; playGame: string; reminders: string; help: string; goodMorning: string; }; ... 5 more ...; common: { ...; }; }'.
src/app/patient/games/memory/page.tsx(205,18): error TS2339: Property 'language' does not exist on type '{ app: { name: string; tagline: string; }; greeting: { morning: string; afternoon: string; evening: string; night: string; }; home: { hearInstructions: string; playGame: string; reminders: string; help: string; goodMorning: string; }; ... 5 more ...; common: { ...; }; } | { ...; }'.
  Property 'language' does not exist on type '{ app: { name: string; tagline: string; }; greeting: { morning: string; afternoon: string; evening: string; night: string; }; home: { hearInstructions: string; playGame: string; reminders: string; help: string; goodMorning: string; }; ... 5 more ...; common: { ...; }; }'.
src/app/patient/games/memory/page.tsx(233,16): error TS2339: Property 'language' does not exist on type '{ app: { name: string; tagline: string; }; greeting: { morning: string; afternoon: string; evening: string; night: string; }; home: { hearInstructions: string; playGame: string; reminders: string; help: string; goodMorning: string; }; ... 5 more ...; common: { ...; }; } | { ...; }'.
  Property 'language' does not exist on type '{ app: { name: string; tagline: string; }; greeting: { morning: string; afternoon: string; evening: string; night: string; }; home: { hearInstructions: string; playGame: string; reminders: string; help: string; goodMorning: string; }; ... 5 more ...; common: { ...; }; }'.
src/app/patient/games/memory/page.tsx(305,22): error TS2339: Property 'language' does not exist on type '{ app: { name: string; tagline: string; }; greeting: { morning: string; afternoon: string; evening: string; night: string; }; home: { hearInstructions: string; playGame: string; reminders: string; help: string; goodMorning: string; }; ... 5 more ...; common: { ...; }; } | { ...; }'.
  Property 'language' does not exist on type '{ app: { name: string; tagline: string; }; greeting: { morning: string; afternoon: string; evening: string; night: string; }; home: { hearInstructions: string; playGame: string; reminders: string; help: string; goodMorning: string; }; ... 5 more ...; common: { ...; }; }'.
src/app/patient/games/memory/page.tsx(306,22): error TS2339: Property 'language' does not exist on type '{ app: { name: string; tagline: string; }; greeting: { morning: string; afternoon: string; evening: string; night: string; }; home: { hearInstructions: string; playGame: string; reminders: string; help: string; goodMorning: string; }; ... 5 more ...; common: { ...; }; } | { ...; }'.
  Property 'language' does not exist on type '{ app: { name: string; tagline: string; }; greeting: { morning: string; afternoon: string; evening: string; night: string; }; home: { hearInstructions: string; playGame: string; reminders: string; help: string; goodMorning: string; }; ... 5 more ...; common: { ...; }; }'.
src/app/patient/games/page.tsx(99,14): error TS2339: Property 'language' does not exist on type '{ app: { name: string; tagline: string; }; greeting: { morning: string; afternoon: string; evening: string; night: string; }; home: { hearInstructions: string; playGame: string; reminders: string; help: string; goodMorning: string; }; ... 5 more ...; common: { ...; }; } | { ...; }'.
  Property 'language' does not exist on type '{ app: { name: string; tagline: string; }; greeting: { morning: string; afternoon: string; evening: string; night: string; }; home: { hearInstructions: string; playGame: string; reminders: string; help: string; goodMorning: string; }; ... 5 more ...; common: { ...; }; }'.
src/app/patient/games/page.tsx(136,14): error TS2339: Property 'language' does not exist on type '{ app: { name: string; tagline: string; }; greeting: { morning: string; afternoon: string; evening: string; night: string; }; home: { hearInstructions: string; playGame: string; reminders: string; help: string; goodMorning: string; }; ... 5 more ...; common: { ...; }; } | { ...; }'.
  Property 'language' does not exist on type '{ app: { name: string; tagline: string; }; greeting: { morning: string; afternoon: string; evening: string; night: string; }; home: { hearInstructions: string; playGame: string; reminders: string; help: string; goodMorning: string; }; ... 5 more ...; common: { ...; }; }'.
src/app/patient/page.tsx(85,11): error TS2339: Property 'language' does not exist on type '{ app: { name: string; tagline: string; }; greeting: { morning: string; afternoon: string; evening: string; night: string; }; home: { hearInstructions: string; playGame: string; reminders: string; help: string; goodMorning: string; }; ... 5 more ...; common: { ...; }; } | { ...; }'.
  Property 'language' does not exist on type '{ app: { name: string; tagline: string; }; greeting: { morning: string; afternoon: string; evening: string; night: string; }; home: { hearInstructions: string; playGame: string; reminders: string; help: string; goodMorning: string; }; ... 5 more ...; common: { ...; }; }'.
src/app/patient/page.tsx(99,14): error TS2339: Property 'language' does not exist on type '{ app: { name: string; tagline: string; }; greeting: { morning: string; afternoon: string; evening: string; night: string; }; home: { hearInstructions: string; playGame: string; reminders: string; help: string; goodMorning: string; }; ... 5 more ...; common: { ...; }; } | { ...; }'.
  Property 'language' does not exist on type '{ app: { name: string; tagline: string; }; greeting: { morning: string; afternoon: string; evening: string; night: string; }; home: { hearInstructions: string; playGame: string; reminders: string; help: string; goodMorning: string; }; ... 5 more ...; common: { ...; }; }'.
src/app/patient/page.tsx(141,16): error TS2339: Property 'language' does not exist on type '{ app: { name: string; tagline: string; }; greeting: { morning: string; afternoon: string; evening: string; night: string; }; home: { hearInstructions: string; playGame: string; reminders: string; help: string; goodMorning: string; }; ... 5 more ...; common: { ...; }; } | { ...; }'.
  Property 'language' does not exist on type '{ app: { name: string; tagline: string; }; greeting: { morning: string; afternoon: string; evening: string; night: string; }; home: { hearInstructions: string; playGame: string; reminders: string; help: string; goodMorning: string; }; ... 5 more ...; common: { ...; }; }'.
src/app/patient/reminders/page.tsx(60,20): error TS2339: Property 'language' does not exist on type '{ app: { name: string; tagline: string; }; greeting: { morning: string; afternoon: string; evening: string; night: string; }; home: { hearInstructions: string; playGame: string; reminders: string; help: string; goodMorning: string; }; ... 5 more ...; common: { ...; }; } | { ...; }'.
  Property 'language' does not exist on type '{ app: { name: string; tagline: string; }; greeting: { morning: string; afternoon: string; evening: string; night: string; }; home: { hearInstructions: string; playGame: string; reminders: string; help: string; goodMorning: string; }; ... 5 more ...; common: { ...; }; }'.
src/app/patient/reminders/page.tsx(61,26): error TS2339: Property 'language' does not exist on type '{ app: { name: string; tagline: string; }; greeting: { morning: string; afternoon: string; evening: string; night: string; }; home: { hearInstructions: string; playGame: string; reminders: string; help: string; goodMorning: string; }; ... 5 more ...; common: { ...; }; } | { ...; }'.
  Property 'language' does not exist on type '{ app: { name: string; tagline: string; }; greeting: { morning: string; afternoon: string; evening: string; night: string; }; home: { hearInstructions: string; playGame: string; reminders: string; help: string; goodMorning: string; }; ... 5 more ...; common: { ...; }; }'.
src/app/patient/reminders/page.tsx(67,20): error TS2339: Property 'language' does not exist on type '{ app: { name: string; tagline: string; }; greeting: { morning: string; afternoon: string; evening: string; night: string; }; home: { hearInstructions: string; playGame: string; reminders: string; help: string; goodMorning: string; }; ... 5 more ...; common: { ...; }; } | { ...; }'.
  Property 'language' does not exist on type '{ app: { name: string; tagline: string; }; greeting: { morning: string; afternoon: string; evening: string; night: string; }; home: { hearInstructions: string; playGame: string; reminders: string; help: string; goodMorning: string; }; ... 5 more ...; common: { ...; }; }'.
src/app/patient/reminders/page.tsx(68,26): error TS2339: Property 'language' does not exist on type '{ app: { name: string; tagline: string; }; greeting: { morning: string; afternoon: string; evening: string; night: string; }; home: { hearInstructions: string; playGame: string; reminders: string; help: string; goodMorning: string; }; ... 5 more ...; common: { ...; }; } | { ...; }'.
  Property 'language' does not exist on type '{ app: { name: string; tagline: string; }; greeting: { morning: string; afternoon: string; evening: string; night: string; }; home: { hearInstructions: string; playGame: string; reminders: string; help: string; goodMorning: string; }; ... 5 more ...; common: { ...; }; }'.
src/app/patient/reminders/page.tsx(74,20): error TS2339: Property 'language' does not exist on type '{ app: { name: string; tagline: string; }; greeting: { morning: string; afternoon: string; evening: string; night: string; }; home: { hearInstructions: string; playGame: string; reminders: string; help: string; goodMorning: string; }; ... 5 more ...; common: { ...; }; } | { ...; }'.
  Property 'language' does not exist on type '{ app: { name: string; tagline: string; }; greeting: { morning: string; afternoon: string; evening: string; night: string; }; home: { hearInstructions: string; playGame: string; reminders: string; help: string; goodMorning: string; }; ... 5 more ...; common: { ...; }; }'.
src/app/patient/reminders/page.tsx(75,26): error TS2339: Property 'language' does not exist on type '{ app: { name: string; tagline: string; }; greeting: { morning: string; afternoon: string; evening: string; night: string; }; home: { hearInstructions: string; playGame: string; reminders: string; help: string; goodMorning: string; }; ... 5 more ...; common: { ...; }; } | { ...; }'.
  Property 'language' does not exist on type '{ app: { name: string; tagline: string; }; greeting: { morning: string; afternoon: string; evening: string; night: string; }; home: { hearInstructions: string; playGame: string; reminders: string; help: string; goodMorning: string; }; ... 5 more ...; common: { ...; }; }'.
src/app/patient/reminders/page.tsx(81,20): error TS2339: Property 'language' does not exist on type '{ app: { name: string; tagline: string; }; greeting: { morning: string; afternoon: string; evening: string; night: string; }; home: { hearInstructions: string; playGame: string; reminders: string; help: string; goodMorning: string; }; ... 5 more ...; common: { ...; }; } | { ...; }'.
  Property 'language' does not exist on type '{ app: { name: string; tagline: string; }; greeting: { morning: string; afternoon: string; evening: string; night: string; }; home: { hearInstructions: string; playGame: string; reminders: string; help: string; goodMorning: string; }; ... 5 more ...; common: { ...; }; }'.
src/app/patient/reminders/page.tsx(82,26): error TS2339: Property 'language' does not exist on type '{ app: { name: string; tagline: string; }; greeting: { morning: string; afternoon: string; evening: string; night: string; }; home: { hearInstructions: string; playGame: string; reminders: string; help: string; goodMorning: string; }; ... 5 more ...; common: { ...; }; } | { ...; }'.
  Property 'language' does not exist on type '{ app: { name: string; tagline: string; }; greeting: { morning: string; afternoon: string; evening: string; night: string; }; home: { hearInstructions: string; playGame: string; reminders: string; help: string; goodMorning: string; }; ... 5 more ...; common: { ...; }; }'.
src/app/patient/reminders/page.tsx(88,20): error TS2339: Property 'language' does not exist on type '{ app: { name: string; tagline: string; }; greeting: { morning: string; afternoon: string; evening: string; night: string; }; home: { hearInstructions: string; playGame: string; reminders: string; help: string; goodMorning: string; }; ... 5 more ...; common: { ...; }; } | { ...; }'.
  Property 'language' does not exist on type '{ app: { name: string; tagline: string; }; greeting: { morning: string; afternoon: string; evening: string; night: string; }; home: { hearInstructions: string; playGame: string; reminders: string; help: string; goodMorning: string; }; ... 5 more ...; common: { ...; }; }'.
src/app/patient/reminders/page.tsx(89,26): error TS2339: Property 'language' does not exist on type '{ app: { name: string; tagline: string; }; greeting: { morning: string; afternoon: string; evening: string; night: string; }; home: { hearInstructions: string; playGame: string; reminders: string; help: string; goodMorning: string; }; ... 5 more ...; common: { ...; }; } | { ...; }'.
  Property 'language' does not exist on type '{ app: { name: string; tagline: string; }; greeting: { morning: string; afternoon: string; evening: string; night: string; }; home: { hearInstructions: string; playGame: string; reminders: string; help: string; goodMorning: string; }; ... 5 more ...; common: { ...; }; }'.
src/app/patient/reminders/page.tsx(115,21): error TS2339: Property 'language' does not exist on type '{ app: { name: string; tagline: string; }; greeting: { morning: string; afternoon: string; evening: string; night: string; }; home: { hearInstructions: string; playGame: string; reminders: string; help: string; goodMorning: string; }; ... 5 more ...; common: { ...; }; } | { ...; }'.
  Property 'language' does not exist on type '{ app: { name: string; tagline: string; }; greeting: { morning: string; afternoon: string; evening: string; night: string; }; home: { hearInstructions: string; playGame: string; reminders: string; help: string; goodMorning: string; }; ... 5 more ...; common: { ...; }; }'.
src/app/patient/reminders/page.tsx(142,14): error TS2339: Property 'language' does not exist on type '{ app: { name: string; tagline: string; }; greeting: { morning: string; afternoon: string; evening: string; night: string; }; home: { hearInstructions: string; playGame: string; reminders: string; help: string; goodMorning: string; }; ... 5 more ...; common: { ...; }; } | { ...; }'.
  Property 'language' does not exist on type '{ app: { name: string; tagline: string; }; greeting: { morning: string; afternoon: string; evening: string; night: string; }; home: { hearInstructions: string; playGame: string; reminders: string; help: string; goodMorning: string; }; ... 5 more ...; common: { ...; }; }'.
src/app/patient/reminders/page.tsx(188,19): error TS2322: Type '{ children: string; id: string; className: string; onClick: () => false | Promise<void>; disabled: boolean; "aria-label": string; onClick_speak: () => void; }' is not assignable to type 'DetailedHTMLProps<ButtonHTMLAttributes<HTMLButtonElement>, HTMLButtonElement>'.
  Property 'onClick_speak' does not exist on type 'DetailedHTMLProps<ButtonHTMLAttributes<HTMLButtonElement>, HTMLButtonElement>'.
src/app/patient/reminders/page.tsx(202,16): error TS2339: Property 'language' does not exist on type '{ app: { name: string; tagline: string; }; greeting: { morning: string; afternoon: string; evening: string; night: string; }; home: { hearInstructions: string; playGame: string; reminders: string; help: string; goodMorning: string; }; ... 5 more ...; common: { ...; }; } | { ...; }'.
  Property 'language' does not exist on type '{ app: { name: string; tagline: string; }; greeting: { morning: string; afternoon: string; evening: string; night: string; }; home: { hearInstructions: string; playGame: string; reminders: string; help: string; goodMorning: string; }; ... 5 more ...; common: { ...; }; }'.
src/db/index.ts(91,7): error TS2322: Type 'number' is not assignable to type 'DifficultyLevel | PropModification | undefined'.
